// Jest Snapshot v1, https://goo.gl/fbAQLP

exports[`Homepage component renders 1`] = `
<Fragment>
  <Modal
    handleClose={[Function]}
    show={false}
  >
    <Connect(SignupForm)
      handleClose={[Function]}
    />
  </Modal>
  <Connect(Navbar) />
  <div
    className=""
  >
    <div
      className="body"
      style={
        Object {
          "backgroundImage": "url(null)",
        }
      }
    >
      <div
        className="article left"
      >
        <span
          className="icon"
        >
          <img
            alt="icon"
            src={null}
          />
        </span>
        <span
          className="text right white"
        >
          <h2>
            Nobody should have to live with broken things.
          </h2>
          <br />
          <p>
            We want to help you fix the things you love, and make sure the things that matter most to you, do not fall to pieces, so you can actually enjoy using them.
            <br />
            <br />
            We take great pride in our work and our ability to exceed customer expectation. You, the customer, are our greatest resource and we will treat you accordingly.
          </p>
        </span>
      </div>
      <div
        className="right"
        id="login-links"
      >
        <span
          className="left link-btn"
        >
          <a
            className="white"
            id="sign-in-link"
            name="sign-in"
            onClick={[Function]}
            title="Sign in"
          >
            Sign in
          </a>
        </span>
        <span
          className="pipe white"
        >
          |
        </span>
        <span
          className=" link-btn"
        >
          <a
            className="orange"
            id="sign-up-link"
            name="sign-up"
            onClick={[Function]}
            title="Sign up"
          >
            Sign up
          </a>
        </span>
      </div>
    </div>
  </div>
</Fragment>
`;
