// Jest Snapshot v1, https://goo.gl/fbAQLP

exports[`Login form component renders 1`] = `
<Fragment>
  <div
    className="auth-form"
    id="sign-in-form"
  >
    <form
      id="login-form"
      onSubmit={[Function]}
    >
      <span
        className="close-btn grey right"
        id="sign-up-form-close-btn"
      >
        x
      </span>
      <p
        className="output white"
      />
      <Input
        className=""
        handleChange={[Function]}
        id="login-email"
        isRequired="required"
        label="Email"
        name="email"
        type="text"
        value=""
      />
      <br />
      <br />
      <Input
        className=""
        handleChange={[Function]}
        id="login-password"
        isRequired="required"
        label="Password"
        name="password"
        type="password"
        value=""
      />
      <br />
      <br />
      <Input
        className="white auth-submit-btn"
        id="signin-btn"
        isRequired=""
        type="submit"
        value="Log in"
      />
    </form>
  </div>
</Fragment>
`;
